Thread 4 (Thread 0x7f165afe4700 (LWP 846479)):
#0  0x00007f165c6a29bd in syscall () from /usr/lib64/libc.so.6
#1  0x00005595bfe58884 in std::sys::pal::unix::futex::futex_wait () at library/std/src/sys/pal/unix/futex.rs:62
#2  std::sys::locks::mutex::futex::Mutex::lock_contended () at library/std/src/sys/locks/mutex/futex.rs:56
#3  0x00005595bfee7e18 in std::sys::locks::mutex::futex::Mutex::lock (self=0x7f164c00ea00) at /rustc/d18480b84fdbf1efc34f62070951334aa833d761/library/std/src/sys/locks/mutex/futex.rs:28
#4  0x00005595bfee134f in std::sync::mutex::Mutex<T>::lock (self=...) at /rustc/d18480b84fdbf1efc34f62070951334aa833d761/library/std/src/sync/mutex.rs:317
#5  0x00005595bfef5b10 in my_mio::net::tcp_server::TcpClient::start_connect::{{closure}}::{{closure}} () at src/net/tcp_server.rs:211               ######### hankai4 osvc send完数据 拿handler的锁 回调上层
#6  0x00005595bfedda66 in <alloc::boxed::Box<F,A> as core::ops::function::FnMut<Args>>::call_mut (self=0x7f164c043cd8, args=()) at /rustc/src/boxed.rs:2023
#7  0x00005595bfed441a in my_mio::net::connection::TcpConnection::write_data (self=0x7f164c043c68) at src/net/connection.rs:155
#8  0x00005595bfed4a29 in my_mio::net::connection::TcpConnection::send (self=0x7f164c043c68, bytes=...) at src/net/connection.rs:182
#9  0x00005595bfe6503c in <tunnel::TunnelServer as my_mio::net::tcp_server::Handler>::on_recv (self=0x7f164c00eeb8, bytes=0x7f164c042608) at examples/tunnel.rs:312 ######## hankai3 上层拿到osvc的锁 外发数据
#10 0x00005595bfef5272 in my_mio::net::tcp_server::TcpServer::on_accept_connection::{{closure}} (bytes=0x7f164c042608) at src/net/tcp_server.rs:82  ########## hankai2 上层vc的session的锁
#11 0x00005595bfedda43 in <alloc::boxed::Box<F,A> as core::ops::function::FnMut<Args>>::call_mut (self=, args=...) at /rustc/src/boxed.rs:2023
#12 0x00005595bfed39cb in my_mio::net::connection::TcpConnection::handle_read (self=0x7f164c042608) at src/net/connection.rs:105
#13 0x00005595bfed4ec3 in my_mio::net::connection::TcpConnection::handle_event (self=0x7f164c042608, event=3) at src/net/connection.rs:224
#14 0x00005595bfef567f in my_mio::net::tcp_server::TcpServer::on_accept_connection::{{closure}} (val=3) at src/net/tcp_server.rs:109                ########## hankai1 vc的锁
#15 0x00005595bfef1fc3 in my_mio::net::event_loop::EventLoop::io_process (self=0x5595c1eb58e0, events=0x7f165afe3930, cnt=1) at src/net/event_loop.rs:242
#16 0x00005595bfef2128 in my_mio::net::event_loop::EventLoop::run_once (self=0x5595c1eb58e0, timeout=...) at src/net/event_loop.rs:270
#17 0x00005595bfef2294 in my_mio::net::event_loop::EventLoop::run (self=0x5595c1eb58e0) at src/net/event_loop.rs:282
#18 0x00005595bfe6251d in tunnel::main::{{closure}} () at examples/tunnel.rs:400
#19 0x00005595bfe6bc8e in std::sys_common::backtrace::__rust_begin_short_backtrace (f=...) at /rustc/d18480b84fdbf1efc34f62070951334aa833d761/library/std/src/sys_common/backtrace.rs:155
#20 0x00005595bfe6801a in std::thread::Builder::spawn_unchecked_::{{closure}}::{{closure}} () at /rustc/d18480b84fdbf1efc34f62070951334aa833d761/library/std/src/thread/mod.rs:528
#21 0x00005595bfe5b3ae in <core::panic::unwind_safe::AssertUnwindSafe<F> as core::ops::function::FnOnce<()>>::call_once (self=...) at /rustc/d18480b84fdbf1efc34f62070951334aa833d761/library/core/src/panic/unwind_safe.rs:272
#22 0x00005595bfe684e5 in std::panicking::try::do_call (data=0x7f165afe3ba0 "\320X\353\301\225U\000") at /rustc/d18480b84fdbf1efc34f62070951334aa833d761/library/std/src/panicking.rs:552
#23 0x00005595bfe6858b in __rust_try () at library/std/src/sys/pal/unix/futex.rs:104
#24 0x00005595bfe6847a in std::panicking::try (f=...) at /rustc/d18480b84fdbf1efc34f62070951334aa833d761/library/std/src/panicking.rs:516
#25 0x00005595bfe67e5b in std::panic::catch_unwind (f=...) at /rustc/d18480b84fdbf1efc34f62070951334aa833d761/library/std/src/panic.rs:146
#26 std::thread::Builder::spawn_unchecked_::{{closure}} () at /rustc/d18480b84fdbf1efc34f62070951334aa833d761/library/std/src/thread/mod.rs:527
#27 0x00005595bfe68a6e in core::ops::function::FnOnce::call_once{{vtable-shim}} () at /rustc/d18480b84fdbf1efc34f62070951334aa833d761/library/core/src/ops/function.rs:250
#28 0x00005595bff4b205 in <alloc::boxed::Box<F,A> as core::ops::function::FnOnce<Args>>::call_once () at library/alloc/src/boxed.rs:2016
#29 <alloc::boxed::Box<F,A> as core::ops::function::FnOnce<Args>>::call_once () at library/alloc/src/boxed.rs:2016
#30 std::sys::pal::unix::thread::Thread::new::thread_start () at library/std/src/sys/pal/unix/thread.rs:108
#31 0x00007f165cc3b1cf in start_thread () from /usr/lib64/libpthread.so.0
#32 0x00007f165c6a2e73 in clone () from /usr/lib64/libc.so.6
Thread 3 (Thread 0x7f165b1e5700 (LWP 846478)):
#0  0x00007f165c6a29bd in syscall () from /usr/lib64/libc.so.6
#1  0x00005595bfe58884 in std::sys::pal::unix::futex::futex_wait () at library/std/src/sys/pal/unix/futex.rs:62
#2  std::sys::locks::mutex::futex::Mutex::lock_contended () at library/std/src/sys/locks/mutex/futex.rs:56
#3  0x00005595bfee7e18 in std::sys::locks::mutex::futex::Mutex::lock (self=0x7f164c043c60) at /rustc/d18480b84fdbf1efc34f62070951334aa833d761/library/std/src/sys/locks/mutex/futex.rs:28
#4  0x00005595bfee12b5 in std::sync::mutex::Mutex<T>::lock (self=0x7f164c043c60) at /rustc/d18480b84fdbf1efc34f62070951334aa833d761/library/std/src/sync/mutex.rs:317
#5  0x00005595bfe62f66 in <tunnel::ServerSession as my_mio::net::tcp_server::ClientHandler>::on_connect (self=0x7f164c00ea08, new_conn=...) at examples/tunnel.rs:97    ######## hankai3 分配新osvc  新osvc的锁
#6  0x00005595bfef50be in my_mio::net::tcp_server::TcpClient::start_connect::{{closure}} (stream=...) at src/net/tcp_server.rs:253              ######## hankai2 上层handler的锁
#7  0x00005595bfedb6da in my_mio::net::connector::Connector::handle_on_connect (self=0x7f164c00cf08) at src/net/connector.rs:67                 
#8  0x00005595bfedbaca in my_mio::net::connector::Connector::handle_event (self=0x7f164c00cf08, event=2) at src/net/connector.rs:86
#9  0x00005595bff070ef in my_mio::net::connector::Connector::connect::{{closure}} (val=2) at src/net/connector.rs:115                           ######## hankai1 connector的锁
#10 0x00005595bfef1fc3 in my_mio::net::event_loop::EventLoop::io_process (self=0x5595c1eb58e0, events=0x7f165b1e4930, cnt=1) at src/net/event_loop.rs:242
#11 0x00005595bfef2128 in my_mio::net::event_loop::EventLoop::run_once (self=0x5595c1eb58e0, timeout=...) at src/net/event_loop.rs:270
#12 0x00005595bfef2294 in my_mio::net::event_loop::EventLoop::run (self=0x5595c1eb58e0) at src/net/event_loop.rs:282
#13 0x00005595bfe6251d in tunnel::main::{{closure}} () at examples/tunnel.rs:400
#14 0x00005595bfe6bc8e in std::sys_common::backtrace::__rust_begin_short_backtrace (f=...) at /rustc/d18480b84fdbf1efc34f62070951334aa833d761/library/std/src/sys_common/backtrace.rs:155
#15 0x00005595bfe6801a in std::thread::Builder::spawn_unchecked_::{{closure}}::{{closure}} () at /rustc/d18480b84fdbf1efc34f62070951334aa833d761/library/std/src/thread/mod.rs:528
#16 0x00005595bfe5b3ae in <core::panic::unwind_safe::AssertUnwindSafe<F> as core::ops::function::FnOnce<()>>::call_once (self=...) at /rustc/d18480b84fdbf1efc34f62070951334aa833d761/library/core/src/panic/unwind_safe.rs:272
#17 0x00005595bfe684e5 in std::panicking::try::do_call (data=0x7f165b1e4ba0 "\320X\353\301\225U\000") at /rustc/d18480b84fdbf1efc34f62070951334aa833d761/library/std/src/panicking.rs:552
#18 0x00005595bfe6858b in __rust_try () at library/std/src/sys/pal/unix/futex.rs:104
#19 0x00005595bfe6847a in std::panicking::try (f=...) at /rustc/d18480b84fdbf1efc34f62070951334aa833d761/library/std/src/panicking.rs:516
#20 0x00005595bfe67e5b in std::panic::catch_unwind (f=...) at /rustc/d18480b84fdbf1efc34f62070951334aa833d761/library/std/src/panic.rs:146
#21 std::thread::Builder::spawn_unchecked_::{{closure}} () at /rustc/d18480b84fdbf1efc34f62070951334aa833d761/library/std/src/thread/mod.rs:527
#22 0x00005595bfe68a6e in core::ops::function::FnOnce::call_once{{vtable-shim}} () at /rustc/d18480b84fdbf1efc34f62070951334aa833d761/library/core/src/ops/function.rs:250
#23 0x00005595bff4b205 in <alloc::boxed::Box<F,A> as core::ops::function::FnOnce<Args>>::call_once () at library/alloc/src/boxed.rs:2016
#24 <alloc::boxed::Box<F,A> as core::ops::function::FnOnce<Args>>::call_once () at library/alloc/src/boxed.rs:2016
#25 std::sys::pal::unix::thread::Thread::new::thread_start () at library/std/src/sys/pal/unix/thread.rs:108
#26 0x00007f165cc3b1cf in start_thread () from /usr/lib64/libpthread.so.0
#27 0x00007f165c6a2e73 in clone () from /usr/lib64/libc.so.6
Thread 2 (Thread 0x7f165b3e6700 (LWP 846477)):
#0  0x00007f165c6a29bd in syscall () from /usr/lib64/libc.so.6
#1  0x00005595bff3f8e4 in std::sys::pal::unix::futex::futex_wait () at library/std/src/sys/pal/unix/futex.rs:62
#2  std::sys_common::thread_parking::futex::Parker::park () at library/std/src/sys_common/thread_parking/futex.rs:52
#3  std::thread::Thread::park () at library/std/src/thread/mod.rs:1298
#4  std::thread::park () at library/std/src/thread/mod.rs:1065
#5  0x00005595bff0d6b7 in my_mio::timer::spawn_wakeup_thread::{{closure}} () at src/timer.rs:339
#6  0x00005595bff16806 in std::sys_common::backtrace::__rust_begin_short_backtrace (f=...) at /rustc/d18480b84fdbf1efc34f62070951334aa833d761/library/std/src/sys_common/backtrace.rs:155
#7  0x00005595bff0b4bd in std::thread::Builder::spawn_unchecked_::{{closure}}::{{closure}} () at /rustc/d18480b84fdbf1efc34f62070951334aa833d761/library/std/src/thread/mod.rs:528
#8  0x00005595bff10e91 in <core::panic::unwind_safe::AssertUnwindSafe<F> as core::ops::function::FnOnce<()>>::call_once (self=...) at /rustc/d18480b84fdbf1efc34f62070951334aa833d761/library/core/src/panic/unwind_safe.rs:272
#9  0x00005595bff0f1e5 in std::panicking::try::do_call (data=0x7f165b3e5ac0 "d\000") at /rustc/d18480b84fdbf1efc34f62070951334aa833d761/library/std/src/panicking.rs:552
#10 0x00005595bff0f54b in __rust_try () at library/std/src/sys/pal/unix/futex.rs:104
#11 0x00005595bff0f0df in std::panicking::try (f=...) at /rustc/d18480b84fdbf1efc34f62070951334aa833d761/library/std/src/panicking.rs:516
#12 0x00005595bff0b2dd in std::panic::catch_unwind (f=...) at /rustc/d18480b84fdbf1efc34f62070951334aa833d761/library/std/src/panic.rs:146
#13 std::thread::Builder::spawn_unchecked_::{{closure}} () at /rustc/d18480b84fdbf1efc34f62070951334aa833d761/library/std/src/thread/mod.rs:527
#14 0x00005595bfefad5f in core::ops::function::FnOnce::call_once{{vtable-shim}} () at /rustc/d18480b84fdbf1efc34f62070951334aa833d761/library/core/src/ops/function.rs:250
#15 0x00005595bff4b205 in <alloc::boxed::Box<F,A> as core::ops::function::FnOnce<Args>>::call_once () at library/alloc/src/boxed.rs:2016
#16 <alloc::boxed::Box<F,A> as core::ops::function::FnOnce<Args>>::call_once () at library/alloc/src/boxed.rs:2016
#17 std::sys::pal::unix::thread::Thread::new::thread_start () at library/std/src/sys/pal/unix/thread.rs:108
#18 0x00007f165cc3b1cf in start_thread () from /usr/lib64/libpthread.so.0
#19 0x00007f165c6a2e73 in clone () from /usr/lib64/libc.so.6
Thread 1 (Thread 0x7f165d27ad00 (LWP 846476)):
#0  0x00007f165cc45180 in nanosleep () from /usr/lib64/libpthread.so.0
#1  0x00005595bff3f7b0 in std::sys::pal::unix::thread::Thread::sleep () at library/std/src/sys/pal/unix/thread.rs:281
#2  std::thread::sleep () at library/std/src/thread/mod.rs:869
#3  0x00005595bfe65465 in tunnel::sleep_ms (ms=1000000) at examples/tunnel.rs:339
#4  0x00005595bfe65d86 in tunnel::main () at examples/tunnel.rs:405

--------------------------------------------------------------------------------------------------------------------------------------------------------------

#0  0x00007f53c9aee9bd in syscall () from /usr/lib64/libc.so.6
#1  0x0000560475b80ae1 in std::sys::pal::unix::futex::futex_wait () at library/std/src/sys/pal/unix/futex.rs:62
#2  std::sys::locks::condvar::futex::Condvar::wait_optional_timeout () at library/std/src/sys/locks/condvar/futex.rs:49
#3  std::sys::locks::condvar::futex::Condvar::wait () at library/std/src/sys/locks/condvar/futex.rs:33
#4  0x0000560475b453d2 in std::sync::condvar::Condvar::wait (self=0x560477a42980, guard=...) at /rustc/d18480b84fdbf1efc34f62070951334aa833d761/library/std/src/sync/condvar.rs:189
#5  0x0000560475b23a2a in my_mio::poll::Poll::poll1 (self=0x560477a42950, events=0x7f53c842f930, timeout=..., interruptible=false) at src/poll.rs:816
#6  0x0000560475b22ca7 in my_mio::poll::Poll::poll (self=0x560477a42950, events=0x7f53c842f930, timeout=...) at src/poll.rs:710
#7  0x0000560475b25f19 in my_mio::net::event_loop::EventLoop::io_poll (self=0x560477a428e0, events=0x7f53c842f930, timeout=...) at src/net/event_loop.rs:220
#8  0x0000560475b2673b in my_mio::net::event_loop::EventLoop::run_once (self=0x560477a428e0, timeout=...) at src/net/event_loop.rs:260
#9  0x0000560475b26944 in my_mio::net::event_loop::EventLoop::run (self=0x560477a428e0) at src/net/event_loop.rs:282
#10 0x0000560475a969ad in tunnel::main::{{closure}} () at examples/tunnel.rs:406
#11 0x0000560475aa033e in std::sys_common::backtrace::__rust_begin_short_backtrace (f=...) at /rustc/d18480b84fdbf1efc34f62070951334aa833d761/library/std/src/sys_common/backtrace.rs:155
#12 0x0000560475a9c3aa in std::thread::Builder::spawn_unchecked_::{{closure}}::{{closure}} () at /rustc/d18480b84fdbf1efc34f62070951334aa833d761/library/std/src/thread/mod.rs:528
#13 0x0000560475a8f3ee in <core::panic::unwind_safe::AssertUnwindSafe<F> as core::ops::function::FnOnce<()>>::call_once (self=...) at /rustc/d18480b84fdbf1efc34f62070951334aa833d761/library/core/src/panic/unwind_safe.rs:272
#14 0x0000560475a9c875 in std::panicking::try::do_call (data=0x7f53c842fba0 "\320(\244w\004V\000") at /rustc/d18480b84fdbf1efc34f62070951334aa833d761/library/std/src/panicking.rs:552
#15 0x0000560475a9c91b in __rust_try () at library/std/src/sys/pal/unix/futex.rs:104
#16 0x0000560475a9c80a in std::panicking::try (f=...) at /rustc/d18480b84fdbf1efc34f62070951334aa833d761/library/std/src/panicking.rs:516
#17 0x0000560475a9c1eb in std::panic::catch_unwind (f=...) at /rustc/d18480b84fdbf1efc34f62070951334aa833d761/library/std/src/panic.rs:146
#18 std::thread::Builder::spawn_unchecked_::{{closure}} () at /rustc/d18480b84fdbf1efc34f62070951334aa833d761/library/std/src/thread/mod.rs:527
#19 0x0000560475a9ce1e in core::ops::function::FnOnce::call_once{{vtable-shim}} () at /rustc/d18480b84fdbf1efc34f62070951334aa833d761/library/core/src/ops/function.rs:250
#20 0x0000560475b7f8b5 in <alloc::boxed::Box<F,A> as core::ops::function::FnOnce<Args>>::call_once () at library/alloc/src/boxed.rs:2016
#21 <alloc::boxed::Box<F,A> as core::ops::function::FnOnce<Args>>::call_once () at library/alloc/src/boxed.rs:2016
#22 std::sys::pal::unix::thread::Thread::new::thread_start () at library/std/src/sys/pal/unix/thread.rs:108
#23 0x00007f53ca0871cf in start_thread () from /usr/lib64/libpthread.so.0
