[root@localhost my_mio]# pstack `pidof tunnel`
Thread 6 (Thread 0x7feecd60c700 (LWP 47129)):
#0  0x00007feeceecb9bd in syscall () from /usr/lib64/libc.so.6
#1  0x0000557e5506bda4 in std::sys::unix::futex::futex_wait () at library/std/src/sys/unix/futex.rs:62
#2  std::sys::unix::locks::futex_mutex::Mutex::lock_contended () at library/std/src/sys/unix/locks/futex_mutex.rs:56
#3  0x0000557e55097910 in my_mio::net::tcp_server::TcpClient::start_connect::{{closure}}::{{closure}} () at library/std/src/sys/unix/futex.rs:104   ############## hankai1 osvc的锁 -> handler的锁
#4  0x0000557e5509f43f in my_mio::net::event_loop::EventLoop::run_once () at library/std/src/sys/unix/futex.rs:104
#5  0x0000557e5509f7e7 in my_mio::net::event_loop::EventLoop::run () at library/std/src/sys/unix/futex.rs:104
#6  0x0000557e55078ef8 in std::sys_common::backtrace::__rust_begin_short_backtrace () at library/std/src/sys/unix/futex.rs:104
#7  0x0000557e5507700a in core::ops::function::FnOnce::call_once{{vtable-shim}} () at library/std/src/sys/unix/futex.rs:104
#8  0x0000557e550cb1d5 in <alloc::boxed::Box<F,A> as core::ops::function::FnOnce<Args>>::call_once () at library/alloc/src/boxed.rs:2015
#9  <alloc::boxed::Box<F,A> as core::ops::function::FnOnce<Args>>::call_once () at library/alloc/src/boxed.rs:2015
#10 std::sys::unix::thread::Thread::new::thread_start () at library/std/src/sys/unix/thread.rs:108
#11 0x00007feecf4631ca in start_thread () from /usr/lib64/libpthread.so.0
#12 0x00007feeceecbe73 in clone () from /usr/lib64/libc.so.6
Thread 5 (Thread 0x7feecd80d700 (LWP 47128)):
#0  0x00007feeceecb9bd in syscall () from /usr/lib64/libc.so.6
#1  0x0000557e5506bda4 in std::sys::unix::futex::futex_wait () at library/std/src/sys/unix/futex.rs:62
#2  std::sys::unix::locks::futex_mutex::Mutex::lock_contended () at library/std/src/sys/unix/locks/futex_mutex.rs:56
#3  0x0000557e5506efd4 in <tunnel::ServerSession as my_mio::net::tcp_server::ClientHandler>::on_connect () at librtex.rs:104                ################# hankaiy osvc的锁? vc的锁? 应该是osvc的锁 即 handler -> osvc
#4  0x0000557e55096796 in my_mio::net::tcp_server::TcpClient::start_connect::{{closure}} () at library/std/src/sys/unix/futex.rs:104        ################# hankaix handler的锁
#5  0x0000557e550a45f1 in my_mio::net::connector::Connector::handle_event () at library/std/src/sys/unix/futex.rs:104                       ################# hankai2 拿到cb(conn_job的锁)的锁
#6  0x0000557e550a5300 in my_mio::net::connector::Connector::connect::{{closure}} () at library/std/src/sys/unix/futex.rs:104               ################# hankai1 connector的锁
#7  0x0000557e5509f43f in my_mio::net::event_loop::EventLoop::run_once () at library/std/src/sys/unix/futex.rs:104
#8  0x0000557e5509f7e7 in my_mio::net::event_loop::EventLoop::run () at library/std/src/sys/unix/futex.rs:104
#9  0x0000557e55078ef8 in std::sys_common::backtrace::__rust_begin_short_backtrace () at library/std/src/sys/unix/futex.rs:104
#10 0x0000557e5507700a in core::ops::function::FnOnce::call_once{{vtable-shim}} () at library/std/src/sys/unix/futex.rs:104
#11 0x0000557e550cb1d5 in <alloc::boxed::Box<F,A> as core::ops::function::FnOnce<Args>>::call_once () at library/alloc/src/boxed.rs:2015
#12 <alloc::boxed::Box<F,A> as core::ops::function::FnOnce<Args>>::call_once () at library/alloc/src/boxed.rs:2015
#13 std::sys::unix::thread::Thread::new::thread_start () at library/std/src/sys/unix/thread.rs:108
#14 0x00007feecf4631ca in start_thread () from /usr/lib64/libpthread.so.0
#15 0x00007feeceecbe73 in clone () from /usr/lib64/libc.so.6
Thread 4 (Thread 0x7feec7fff700 (LWP 47127)):
#0  0x00007feeceecb9bd in syscall () from /usr/lib64/libc.so.6
#1  0x0000557e5506bda4 in std::sys::unix::futex::futex_wait () at library/std/src/sys/unix/futex.rs:62
#2  std::sys::unix::locks::futex_mutex::Mutex::lock_contended () at library/std/src/sys/unix/locks/futex_mutex.rs:56
#3  0x0000557e5509f3e0 in my_mio::net::event_loop::EventLoop::run_once () at library/std/src/sys/unix/futex.rs:104
#4  0x0000557e5509f7e7 in my_mio::net::event_loop::EventLoop::run () at library/std/src/sys/unix/futex.rs:104
#5  0x0000557e55078ef8 in std::sys_common::backtrace::__rust_begin_short_backtrace () at library/std/src/sys/unix/futex.rs:104
#6  0x0000557e5507700a in core::ops::function::FnOnce::call_once{{vtable-shim}} () at library/std/src/sys/unix/futex.rs:104
#7  0x0000557e550cb1d5 in <alloc::boxed::Box<F,A> as core::ops::function::FnOnce<Args>>::call_once () at library/alloc/src/boxed.rs:2015
#8  <alloc::boxed::Box<F,A> as core::ops::function::FnOnce<Args>>::call_once () at library/alloc/src/boxed.rs:2015
#9  std::sys::unix::thread::Thread::new::thread_start () at library/std/src/sys/unix/thread.rs:108
#10 0x00007feecf4631ca in start_thread () from /usr/lib64/libpthread.so.0
#11 0x00007feeceecbe73 in clone () from /usr/lib64/libc.so.6
Thread 3 (Thread 0x7feecda0e700 (LWP 47126)):
#0  0x00007feeceecb9bd in syscall () from /usr/lib64/libc.so.6
#1  0x0000557e5506bda4 in std::sys::unix::futex::futex_wait () at library/std/src/sys/unix/futex.rs:62
#2  std::sys::unix::locks::futex_mutex::Mutex::lock_contended () at library/std/src/sys/unix/locks/futex_mutex.rs:56
#3  0x0000557e55097663 in my_mio::net::tcp_server::TcpClient::start_connect::{{closure}}::{{closure}} () at library/std/src/sys/unix/futex.rs:104
#4  0x0000557e550a04a7 in my_mio::net::connection::TcpConnection::write_data () at library/std/src/sys/unix/futex.rs:104
#5  0x0000557e550a0771 in my_mio::net::connection::TcpConnection::send () at library/std/src/sys/unix/futex.rs:104
#6  0x0000557e55070c15 in <tunnel::TunnelServer as my_mio::net::tcp_server::Handler>::on_recv::{{closure}} () at library/std/src/sys/unix/futex.rs:104
#7  0x0000557e5506edf5 in tunnel::enqueue_job::{{closure}} () at library/std/src/sys/unix/futex.rs:104
#8  0x0000557e5509f43f in my_mio::net::event_loop::EventLoop::run_once () at library/std/src/sys/unix/futex.rs:104
#9  0x0000557e5509f7e7 in my_mio::net::event_loop::EventLoop::run () at library/std/src/sys/unix/futex.rs:104
#10 0x0000557e55078ef8 in std::sys_common::backtrace::__rust_begin_short_backtrace () at library/std/src/sys/unix/futex.rs:104
#11 0x0000557e5507700a in core::ops::function::FnOnce::call_once{{vtable-shim}} () at library/std/src/sys/unix/futex.rs:104
#12 0x0000557e550cb1d5 in <alloc::boxed::Box<F,A> as core::ops::function::FnOnce<Args>>::call_once () at library/alloc/src/boxed.rs:2015
#13 <alloc::boxed::Box<F,A> as core::ops::function::FnOnce<Args>>::call_once () at library/alloc/src/boxed.rs:2015
#14 std::sys::unix::thread::Thread::new::thread_start () at library/std/src/sys/unix/thread.rs:108
#15 0x00007feecf4631ca in start_thread () from /usr/lib64/libpthread.so.0
#16 0x00007feeceecbe73 in clone () from /usr/lib64/libc.so.6
Thread 2 (Thread 0x7feecdc0f700 (LWP 47125)):
#0  0x00007feeceecb9bd in syscall () from /usr/lib64/libc.so.6
#1  0x0000557e550bf044 in std::sys::unix::futex::futex_wait () at library/std/src/sys/unix/futex.rs:62
#2  std::sys_common::thread_parking::futex::Parker::park () at library/std/src/sys_common/thread_parking/futex.rs:52
#3  std::thread::park () at library/std/src/thread/mod.rs:1066
#4  0x0000557e55099c0c in std::sys_common::backtrace::__rust_begin_short_backtrace () at library/std/src/sys/unix/futex.rs:104
#5  0x0000557e5509ccac in core::ops::function::FnOnce::call_once{{vtable-shim}} () at library/std/src/sys/unix/futex.rs:104
#6  0x0000557e550cb1d5 in <alloc::boxed::Box<F,A> as core::ops::function::FnOnce<Args>>::call_once () at library/alloc/src/boxed.rs:2015
#7  <alloc::boxed::Box<F,A> as core::ops::function::FnOnce<Args>>::call_once () at library/alloc/src/boxed.rs:2015
#8  std::sys::unix::thread::Thread::new::thread_start () at library/std/src/sys/unix/thread.rs:108
#9  0x00007feecf4631ca in start_thread () from /usr/lib64/libpthread.so.0
#10 0x00007feeceecbe73 in clone () from /usr/lib64/libc.so.6
Thread 1 (Thread 0x7feecfaa3d00 (LWP 47124)):
#0  0x00007feecf46d180 in nanosleep () from /usr/lib64/libpthread.so.0
#1  0x0000557e550bef10 in std::sys::unix::thread::Thread::sleep () at library/std/src/sys/unix/thread.rs:243
#2  std::thread::sleep () at library/std/src/thread/mod.rs:870
#3  0x0000557e55071750 in tunnel::main () at library/std/src/sys/unix/futex.rs:104
#4  0x0000557e55078ec3 in std::sys_common::backtrace::__rust_begin_short_backtrace () at library/std/src/sys/unix/futex.rs:104
#5  0x0000557e55079dd9 in std::rt::lang_start::{{closure}} () at library/std/src/sys/unix/futex.rs:104
#6  0x0000557e550be911 in core::ops::function::impls::<impl core::ops::function::FnOnce<A> for &F>::call_once () at library/core/src/ops/function.rs:284
#7  std::panicking::try::do_call () at library/std/src/panicking.rs:552
#8  std::panicking::try () at library/std/src/panicking.rs:516
#9  std::panic::catch_unwind () at library/std/src/panic.rs:142
#10 std::rt::lang_start_internal::{{closure}} () at library/std/src/rt.rs:148
#11 std::panicking::try::do_call () at library/std/src/panicking.rs:552
#12 std::panicking::try () at library/std/src/panicking.rs:516
#13 std::panic::catch_unwind () at library/std/src/panic.rs:142
#14 std::rt::lang_start_internal () at library/std/src/rt.rs:148
#15 0x0000557e550719e5 in main () at library/std/src/sys/unix/futex.rs:104

