
+ Wait-free and fast producers. One XCHG is maximum what one can get with multi-producer non-distributed queue.

+ Extremely fast consumer. On fast-path it's atomic-free, XCHG executed per node batch, in order to grab 'last item'.

+ No need for node order reversion. So pop operation is always O(1).

+ ABA-free.

+ No need for PDR. That is, one can use this algorithm out-of-the-box. No need for thread registration/deregistration, periodic activity, deferred garbage etc.

Disadvantages:

- Push function is blocking wrt consumer. I.e. if producer blocked in (*), then consumer is blocked too. Fortunately 'window of inconsistency' is extremely small - producer must be blocked exactly in (*). Actually it's disadvantage only as compared with totally lockfree algorithm. It's still much better lockbased algorithm.

struct node
{
	node* volatile  next;
};

struct mpscq_t
{
	node* volatile  head;
	node*           tail;
	node            stub;
};

#define MPSCQ_STATIC_INIT(self) {&self.stub, &self.stub, {0}}

void mpscq_create(mpscq_t* self)
{
	self->head = &self->stub;
	self->tail = &self->stub;
	self->stub.next = 0;
}

void mpscq_push(mpscq_t* self, node* n)
{
	n->next = 0;
	node* prev = XCHG(&self->head, n);
	//(*)
	prev->next = n;
}

node* mpscq_pop(mpscq_t* self)
{
	node* tail = self->tail;
	node* next = tail->next;
	if (tail == &self->stub) { // 首次消费
		if (0 == next)
		  return 0;
		self->tail = next;
		tail = next;
		next = next->next;
	}
	if (next) {
		self->tail = next;
		return tail;
	}
                                // next是空的 即tail与head重合了
	node* head = self->head;
	if (tail != head)
	  return 0;
	mpscq_push(self, &self->stub);	// 排入原始节点
	next = tail->next;
	if (next) {
		self->tail = next;			// tail 指向原始节点
		return tail;
	}
	return 0;
} 
